[PLATFORM] hide_cursor(1) called
[PLATFORM] hide_cursor done
[PLATFORM] hide_cursor(0) called
[PLATFORM] hide_cursor done
[UI] mouse: x=295 y=502 button=0 pressed=0
[UI] mouse: x=294 y=494 button=0 pressed=0
[UI] mouse: x=292 y=487 button=0 pressed=0
[UI] mouse: x=291 y=480 button=0 pressed=0
[UI] mouse: x=290 y=473 button=0 pressed=0
[UI] mouse: x=289 y=466 button=0 pressed=0
[UI] mouse: x=289 y=460 button=0 pressed=0
[UI] mouse: x=289 y=453 button=0 pressed=0
[UI] mouse: x=289 y=448 button=0 pressed=0
[UI] mouse: x=289 y=442 button=0 pressed=0
[UI] mouse: x=289 y=437 button=0 pressed=0
[UI] mouse: x=289 y=432 button=0 pressed=0
[UI] mouse: x=289 y=426 button=0 pressed=0
[UI] mouse: x=289 y=422 button=0 pressed=0
[UI] mouse: x=289 y=417 button=0 pressed=0
[UI] mouse: x=290 y=414 button=0 pressed=0
[UI] mouse: x=291 y=411 button=0 pressed=0
[UI] mouse: x=291 y=408 button=0 pressed=0
[UI] mouse: x=291 y=405 button=0 pressed=0
[UI] mouse: x=292 y=402 button=0 pressed=0
[UI] mouse: x=293 y=398 button=0 pressed=0
[UI] mouse: x=293 y=397 button=0 pressed=0
[UI] mouse: x=294 y=395 button=0 pressed=0
[UI] mouse: x=294 y=392 button=0 pressed=0
[UI] mouse: x=294 y=390 button=0 pressed=0
[UI] mouse: x=294 y=389 button=0 pressed=0
[UI] mouse: x=294 y=388 button=0 pressed=0
[UI] mouse: x=294 y=385 button=0 pressed=0
[UI] mouse: x=294 y=379 button=0 pressed=0
[UI] mouse: x=294 y=371 button=0 pressed=0
[UI] mouse: x=292 y=364 button=0 pressed=0
[UI] mouse: x=291 y=356 button=0 pressed=0
[UI] mouse: x=286 y=348 button=0 pressed=0
[UI] mouse: x=280 y=338 button=0 pressed=0
[UI] mouse: x=273 y=330 button=0 pressed=0
[UI] mouse: x=263 y=321 button=0 pressed=0
[UI] mouse: x=253 y=313 button=0 pressed=0
[UI] mouse: x=243 y=307 button=0 pressed=0
[UI] mouse: x=232 y=300 button=0 pressed=0
[UI] mouse: x=221 y=294 button=0 pressed=0
[UI] mouse: x=211 y=288 button=0 pressed=0
[UI] mouse: x=202 y=282 button=0 pressed=0
[UI] mouse: x=195 y=279 button=0 pressed=0
[UI] mouse: x=190 y=275 button=0 pressed=0
[UI] mouse: x=184 y=272 button=0 pressed=0
[UI] mouse: x=181 y=270 button=0 pressed=0
[UI] mouse: x=179 y=269 button=0 pressed=0
[UI] mouse: x=178 y=269 button=0 pressed=0
[UI] mouse: x=178 y=266 button=0 pressed=0
[UI] mouse: x=178 y=261 button=0 pressed=0
[UI] mouse: x=177 y=255 button=0 pressed=0
[UI] mouse: x=175 y=249 button=0 pressed=0
[UI] mouse: x=173 y=242 button=0 pressed=0
[UI] mouse: x=171 y=236 button=0 pressed=0
[UI] mouse: x=170 y=231 button=0 pressed=0
[UI] mouse: x=166 y=223 button=0 pressed=0
[UI] mouse: x=164 y=217 button=0 pressed=0
[UI] mouse: x=160 y=210 button=0 pressed=0
[UI] mouse: x=157 y=206 button=0 pressed=0
[UI] mouse: x=154 y=201 button=0 pressed=0
[UI] mouse: x=149 y=197 button=0 pressed=0
[UI] mouse: x=146 y=191 button=0 pressed=0
[UI] mouse: x=140 y=187 button=0 pressed=0
[UI] mouse: x=134 y=181 button=0 pressed=0
[UI] mouse: x=129 y=177 button=0 pressed=0
[UI] mouse: x=124 y=173 button=0 pressed=0
[UI] mouse: x=120 y=170 button=0 pressed=0
[UI] mouse: x=116 y=165 button=0 pressed=0
[UI] mouse: x=112 y=163 button=0 pressed=0
[UI] mouse: x=109 y=159 button=0 pressed=0
[UI] mouse: x=107 y=157 button=0 pressed=0
[UI] mouse: x=105 y=155 button=0 pressed=0
[UI] mouse: x=104 y=154 button=0 pressed=0
[UI] mouse: x=103 y=153 button=0 pressed=0
[UI] mouse: x=103 y=152 button=0 pressed=0
[UI] mouse: x=103 y=151 button=0 pressed=0
[UI] mouse: x=103 y=149 button=0 pressed=0
[UI] mouse: x=102 y=148 button=0 pressed=0
[UI] mouse: x=102 y=147 button=0 pressed=0
[UI] mouse: x=102 y=146 button=0 pressed=0
[UI] mouse: x=101 y=145 button=0 pressed=0
[UI] mouse: x=101 y=143 button=0 pressed=0
[UI] mouse: x=101 y=141 button=0 pressed=0
[UI] mouse: x=103 y=140 button=0 pressed=0
[UI] mouse: x=107 y=137 button=0 pressed=0
[UI] mouse: x=111 y=136 button=0 pressed=0
[UI] mouse: x=113 y=135 button=0 pressed=0
[UI] mouse: x=116 y=135 button=0 pressed=0
[UI] mouse: x=119 y=134 button=0 pressed=0
[UI] mouse: x=121 y=134 button=0 pressed=0
[UI] mouse: x=125 y=134 button=0 pressed=0
[UI] mouse: x=128 y=134 button=0 pressed=0
[UI] mouse: x=131 y=135 button=0 pressed=0
[UI] mouse: x=133 y=136 button=0 pressed=0
[UI] mouse: x=135 y=136 button=0 pressed=0
[UI] mouse: x=137 y=137 button=0 pressed=0
[UI] mouse: x=138 y=137 button=0 pressed=0
[UI] mouse: x=139 y=138 button=0 pressed=0
[UI] mouse: x=140 y=139 button=0 pressed=0
[UI] mouse: x=141 y=140 button=0 pressed=0
[UI] mouse: x=142 y=141 button=0 pressed=0
[UI] mouse: x=143 y=141 button=0 pressed=0
[UI] mouse: x=146 y=143 button=0 pressed=0
[UI] mouse: x=147 y=144 button=0 pressed=0
[UI] mouse: x=148 y=144 button=0 pressed=0
[UI] mouse: x=150 y=145 button=0 pressed=0
[UI] mouse: x=151 y=145 button=0 pressed=0
[UI] mouse: x=152 y=145 button=0 pressed=0
[UI] mouse: x=153 y=146 button=0 pressed=0
[UI] mouse: x=154 y=146 button=0 pressed=0
[UI] mouse: x=154 y=147 button=0 pressed=0
[UI] mouse: x=152 y=148 button=0 pressed=0
[UI] mouse: x=149 y=149 button=0 pressed=0
[UI] mouse: x=147 y=149 button=0 pressed=0
[UI] mouse: x=145 y=149 button=0 pressed=0
[UI] mouse: x=143 y=149 button=0 pressed=0
[UI] mouse: x=142 y=149 button=0 pressed=0
[UI] mouse: x=142 y=148 button=0 pressed=0
[UI] mouse: x=142 y=150 button=0 pressed=0
[UI] mouse: x=142 y=151 button=0 pressed=0
[UI] mouse: x=142 y=153 button=0 pressed=0
[UI] mouse: x=142 y=155 button=0 pressed=0
[UI] mouse: x=141 y=157 button=0 pressed=0
[UI] mouse: x=140 y=160 button=0 pressed=0
[UI] mouse: x=140 y=162 button=0 pressed=0
[UI] mouse: x=139 y=165 button=0 pressed=0
[UI] mouse: x=139 y=167 button=0 pressed=0
[UI] mouse: x=139 y=170 button=0 pressed=0
[UI] mouse: x=139 y=172 button=0 pressed=0
[UI] mouse: x=139 y=174 button=0 pressed=0
[UI] mouse: x=139 y=176 button=0 pressed=0
[UI] mouse: x=139 y=177 button=0 pressed=0
[UI] mouse: x=140 y=178 button=0 pressed=0
[UI] mouse: x=140 y=179 button=0 pressed=0
[UI] mouse: x=141 y=179 button=0 pressed=0
[UI] mouse: x=139 y=178 button=0 pressed=0
[UI] mouse: x=137 y=178 button=0 pressed=0
[UI] mouse: x=133 y=178 button=0 pressed=0
[UI] mouse: x=130 y=178 button=0 pressed=0
[UI] mouse: x=126 y=178 button=0 pressed=0
[UI] mouse: x=120 y=178 button=0 pressed=0
[UI] mouse: x=112 y=178 button=0 pressed=0
[UI] mouse: x=107 y=178 button=0 pressed=0
[UI] mouse: x=102 y=178 button=0 pressed=0
[UI] mouse: x=97 y=179 button=0 pressed=0
[UI] mouse: x=93 y=179 button=0 pressed=0
[UI] mouse: x=91 y=179 button=0 pressed=0
[UI] mouse: x=88 y=179 button=0 pressed=0
[UI] mouse: x=86 y=179 button=0 pressed=0
[UI] mouse: x=85 y=179 button=0 pressed=0
[UI] mouse: x=84 y=179 button=0 pressed=0
[UI] mouse: x=82 y=179 button=0 pressed=0
[UI] mouse: x=78 y=179 button=0 pressed=0
[UI] mouse: x=75 y=179 button=0 pressed=0
[UI] mouse: x=71 y=179 button=0 pressed=0
[UI] mouse: x=68 y=179 button=0 pressed=0
[UI] mouse: x=66 y=179 button=0 pressed=0
[UI] mouse: x=63 y=179 button=0 pressed=0
[UI] mouse: x=60 y=179 button=0 pressed=0
[UI] mouse: x=58 y=179 button=0 pressed=0
[UI] mouse: x=56 y=179 button=0 pressed=0
[UI] mouse: x=55 y=179 button=0 pressed=0
[UI] mouse: x=54 y=179 button=0 pressed=0
[UI] mouse: x=53 y=179 button=0 pressed=0
[UI] mouse: x=51 y=179 button=0 pressed=0
[UI] mouse: x=49 y=179 button=0 pressed=0
[UI] mouse: x=47 y=179 button=0 pressed=0
[UI] mouse: x=46 y=179 button=0 pressed=0
[UI] mouse: x=44 y=179 button=0 pressed=0
[UI] mouse: x=43 y=179 button=0 pressed=0
[UI] mouse: x=42 y=179 button=0 pressed=0
[UI] mouse: x=41 y=179 button=0 pressed=0
[UI] mouse: x=43 y=179 button=0 pressed=0
[UI] mouse: x=47 y=179 button=0 pressed=0
[UI] mouse: x=49 y=179 button=0 pressed=0
[UI] mouse: x=52 y=179 button=0 pressed=0
[UI] mouse: x=56 y=179 button=0 pressed=0
[UI] mouse: x=60 y=179 button=0 pressed=0
[UI] mouse: x=65 y=179 button=0 pressed=0
[UI] mouse: x=71 y=179 button=0 pressed=0
[UI] mouse: x=77 y=178 button=0 pressed=0
[UI] mouse: x=85 y=177 button=0 pressed=0
[UI] mouse: x=93 y=176 button=0 pressed=0
[UI] mouse: x=99 y=175 button=0 pressed=0
[UI] mouse: x=103 y=175 button=0 pressed=0
[UI] mouse: x=108 y=174 button=0 pressed=0
[UI] mouse: x=111 y=174 button=0 pressed=0
[UI] mouse: x=113 y=173 button=0 pressed=0
[UI] mouse: x=114 y=173 button=0 pressed=0
[UI] mouse: x=112 y=173 button=0 pressed=0
[UI] mouse: x=111 y=173 button=0 pressed=0
[UI] mouse: x=109 y=173 button=0 pressed=0
[UI] mouse: x=107 y=173 button=0 pressed=0
[UI] mouse: x=105 y=173 button=0 pressed=0
[UI] mouse: x=104 y=173 button=0 pressed=0
[UI] mouse: x=102 y=173 button=0 pressed=0
[UI] mouse: x=107 y=174 button=0 pressed=0
[UI] mouse: x=114 y=175 button=0 pressed=0
[UI] mouse: x=123 y=176 button=0 pressed=0
[UI] mouse: x=133 y=177 button=0 pressed=0
[UI] mouse: x=142 y=177 button=0 pressed=0
[UI] mouse: x=147 y=177 button=0 pressed=0
[UI] mouse: x=150 y=177 button=0 pressed=0
[UI] mouse: x=151 y=177 button=0 pressed=0
[UI] mouse: x=153 y=177 button=0 pressed=0
[UI] mouse: x=154 y=177 button=0 pressed=0
[UI] mouse: x=155 y=177 button=0 pressed=0
[UI] mouse: x=156 y=176 button=0 pressed=0
[UI] mouse: x=158 y=175 button=0 pressed=0
[UI] mouse: x=161 y=174 button=0 pressed=0
[UI] mouse: x=163 y=173 button=0 pressed=0
[UI] mouse: x=165 y=173 button=0 pressed=0
[UI] mouse: x=166 y=173 button=0 pressed=0
[UI] mouse: x=167 y=173 button=0 pressed=0
[UI] mouse: x=167 y=172 button=0 pressed=0
[UI] mouse: x=171 y=172 button=0 pressed=0
[UI] mouse: x=178 y=172 button=0 pressed=0
[UI] mouse: x=185 y=172 button=0 pressed=0
[UI] mouse: x=192 y=172 button=0 pressed=0
[UI] mouse: x=201 y=172 button=0 pressed=0
[UI] mouse: x=209 y=172 button=0 pressed=0
[UI] mouse: x=217 y=172 button=0 pressed=0
[UI] mouse: x=223 y=172 button=0 pressed=0
[UI] mouse: x=226 y=172 button=0 pressed=0
[UI] mouse: x=228 y=172 button=0 pressed=0
[UI] mouse: x=225 y=172 button=0 pressed=0
[UI] mouse: x=223 y=172 button=0 pressed=0
[UI] mouse: x=220 y=172 button=0 pressed=0
[UI] mouse: x=218 y=172 button=0 pressed=0
[UI] mouse: x=216 y=172 button=0 pressed=0
[UI] mouse: x=213 y=172 button=0 pressed=0
[UI] mouse: x=212 y=172 button=0 pressed=0
[UI] mouse: x=210 y=172 button=0 pressed=0
[UI] mouse: x=208 y=172 button=0 pressed=0
[UI] mouse: x=205 y=172 button=0 pressed=0
[UI] mouse: x=202 y=172 button=0 pressed=0
[UI] mouse: x=201 y=172 button=0 pressed=0
[UI] mouse: x=198 y=172 button=0 pressed=0
[UI] mouse: x=196 y=172 button=0 pressed=0
[UI] mouse: x=194 y=172 button=0 pressed=0
[UI] mouse: x=192 y=171 button=0 pressed=0
[UI] mouse: x=191 y=170 button=0 pressed=0
[UI] mouse: x=188 y=170 button=0 pressed=0
[UI] mouse: x=186 y=169 button=0 pressed=0
[UI] mouse: x=184 y=169 button=0 pressed=0
[UI] mouse: x=182 y=168 button=0 pressed=0
[UI] mouse: x=180 y=167 button=0 pressed=0
[UI] mouse: x=178 y=166 button=0 pressed=0
[UI] mouse: x=177 y=166 button=0 pressed=0
[UI] mouse: x=175 y=164 button=0 pressed=0
[UI] mouse: x=174 y=164 button=0 pressed=0
[UI] mouse: x=171 y=163 button=0 pressed=0
[UI] mouse: x=168 y=161 button=0 pressed=0
[UI] mouse: x=165 y=159 button=0 pressed=0
[UI] mouse: x=164 y=158 button=0 pressed=0
[UI] mouse: x=162 y=157 button=0 pressed=0
[UI] mouse: x=159 y=155 button=0 pressed=0
[UI] mouse: x=158 y=154 button=0 pressed=0
[UI] mouse: x=157 y=154 button=0 pressed=0
[UI] mouse: x=156 y=154 button=0 pressed=0
[UI] mouse: x=156 y=153 button=0 pressed=0
[UI] mouse: x=155 y=153 button=0 pressed=0
[UI] mouse: x=154 y=152 button=0 pressed=0
[UI] mouse: x=152 y=151 button=0 pressed=0
[UI] mouse: x=151 y=150 button=0 pressed=0
[UI] mouse: x=149 y=149 button=0 pressed=0
[UI] mouse: x=147 y=148 button=0 pressed=0
[UI] mouse: x=147 y=147 button=0 pressed=0
[UI] mouse: x=146 y=147 button=0 pressed=0
[MAIN] MOUSE_BUTTON: btn=1 x=146 y=147 down=1
[UI] mouse: x=146 y=147 button=0 pressed=1
[UI] mouse: x=147 y=146 button=0 pressed=0
[UI] mouse: x=149 y=146 button=0 pressed=0
[UI] mouse: x=150 y=145 button=0 pressed=0
[UI] mouse: x=153 y=145 button=0 pressed=0
[UI] mouse: x=155 y=145 button=0 pressed=0
[UI] mouse: x=157 y=145 button=0 pressed=0
[UI] mouse: x=160 y=145 button=0 pressed=0
[UI] mouse: x=164 y=144 button=0 pressed=0
[UI] mouse: x=170 y=144 button=0 pressed=0
[UI] mouse: x=176 y=144 button=0 pressed=0
[UI] mouse: x=182 y=143 button=0 pressed=0
[UI] mouse: x=187 y=143 button=0 pressed=0
[UI] mouse: x=192 y=143 button=0 pressed=0
[UI] mouse: x=195 y=143 button=0 pressed=0
[UI] mouse: x=198 y=143 button=0 pressed=0
[UI] mouse: x=200 y=143 button=0 pressed=0
[UI] mouse: x=202 y=143 button=0 pressed=0
[UI] mouse: x=205 y=142 button=0 pressed=0
[UI] mouse: x=209 y=142 button=0 pressed=0
[UI] mouse: x=212 y=141 button=0 pressed=0
[UI] mouse: x=215 y=141 button=0 pressed=0
[UI] mouse: x=219 y=141 button=0 pressed=0
[UI] mouse: x=222 y=140 button=0 pressed=0
[UI] mouse: x=226 y=140 button=0 pressed=0
[UI] mouse: x=228 y=140 button=0 pressed=0
[UI] mouse: x=232 y=140 button=0 pressed=0
[UI] mouse: x=235 y=140 button=0 pressed=0
[UI] mouse: x=237 y=140 button=0 pressed=0
[UI] mouse: x=238 y=140 button=0 pressed=0
[UI] mouse: x=239 y=140 button=0 pressed=0
[MAIN] MOUSE_BUTTON: btn=1 x=239 y=140 down=0
[UI] mouse: x=239 y=140 button=0 pressed=0
[UI] mouse: x=237 y=141 button=0 pressed=0
[UI] mouse: x=232 y=144 button=0 pressed=0
[UI] mouse: x=227 y=147 button=0 pressed=0
[UI] mouse: x=220 y=149 button=0 pressed=0
[UI] mouse: x=215 y=150 button=0 pressed=0
[UI] mouse: x=210 y=151 button=0 pressed=0
[UI] mouse: x=207 y=152 button=0 pressed=0
[UI] mouse: x=204 y=153 button=0 pressed=0
[UI] mouse: x=201 y=153 button=0 pressed=0
[UI] mouse: x=198 y=154 button=0 pressed=0
[UI] mouse: x=194 y=154 button=0 pressed=0
[UI] mouse: x=191 y=154 button=0 pressed=0
[UI] mouse: x=185 y=154 button=0 pressed=0
[UI] mouse: x=182 y=155 button=0 pressed=0
[UI] mouse: x=175 y=156 button=0 pressed=0
[UI] mouse: x=169 y=157 button=0 pressed=0
[UI] mouse: x=164 y=157 button=0 pressed=0
[UI] mouse: x=158 y=158 button=0 pressed=0
[UI] mouse: x=154 y=159 button=0 pressed=0
[UI] mouse: x=151 y=159 button=0 pressed=0
[UI] mouse: x=149 y=160 button=0 pressed=0
[UI] mouse: x=148 y=160 button=0 pressed=0
[UI] mouse: x=148 y=161 button=0 pressed=0
[UI] mouse: x=148 y=160 button=0 pressed=0
[UI] mouse: x=149 y=158 button=0 pressed=0
[UI] mouse: x=150 y=157 button=0 pressed=0
[UI] mouse: x=151 y=156 button=0 pressed=0
[UI] mouse: x=152 y=156 button=0 pressed=0
[UI] mouse: x=153 y=155 button=0 pressed=0
[UI] mouse: x=153 y=154 button=0 pressed=0
[UI] mouse: x=154 y=154 button=0 pressed=0
[UI] mouse: x=154 y=153 button=0 pressed=0
[UI] mouse: x=154 y=152 button=0 pressed=0
[UI] mouse: x=154 y=151 button=0 pressed=0
[UI] mouse: x=154 y=150 button=0 pressed=0
[UI] mouse: x=154 y=149 button=0 pressed=0
[UI] mouse: x=154 y=148 button=0 pressed=0
[UI] mouse: x=154 y=147 button=0 pressed=0
[MAIN] MOUSE_BUTTON: btn=1 x=154 y=147 down=1
[UI] mouse: x=154 y=147 button=0 pressed=1
[UI] mouse: x=157 y=147 button=0 pressed=0
[UI] mouse: x=161 y=147 button=0 pressed=0
[UI] mouse: x=165 y=147 button=0 pressed=0
[UI] mouse: x=168 y=147 button=0 pressed=0
[UI] mouse: x=171 y=147 button=0 pressed=0
[UI] mouse: x=174 y=146 button=0 pressed=0
[UI] mouse: x=176 y=146 button=0 pressed=0
[UI] mouse: x=179 y=146 button=0 pressed=0
[UI] mouse: x=181 y=146 button=0 pressed=0
[UI] mouse: x=183 y=146 button=0 pressed=0
[UI] mouse: x=185 y=145 button=0 pressed=0
[UI] mouse: x=188 y=145 button=0 pressed=0
[UI] mouse: x=191 y=145 button=0 pressed=0
[UI] mouse: x=193 y=145 button=0 pressed=0
[UI] mouse: x=197 y=145 button=0 pressed=0
[UI] mouse: x=201 y=144 button=0 pressed=0
[UI] mouse: x=203 y=144 button=0 pressed=0
[UI] mouse: x=207 y=144 button=0 pressed=0
[UI] mouse: x=210 y=144 button=0 pressed=0
[UI] mouse: x=212 y=144 button=0 pressed=0
[UI] mouse: x=214 y=144 button=0 pressed=0
[UI] mouse: x=215 y=143 button=0 pressed=0
[UI] mouse: x=218 y=143 button=0 pressed=0
[UI] mouse: x=219 y=142 button=0 pressed=0
[UI] mouse: x=221 y=142 button=0 pressed=0
[UI] mouse: x=223 y=142 button=0 pressed=0
[UI] mouse: x=225 y=142 button=0 pressed=0
[UI] mouse: x=226 y=142 button=0 pressed=0
[UI] mouse: x=227 y=142 button=0 pressed=0
[UI] mouse: x=230 y=142 button=0 pressed=0
[UI] mouse: x=234 y=142 button=0 pressed=0
[UI] mouse: x=237 y=142 button=0 pressed=0
[UI] mouse: x=240 y=141 button=0 pressed=0
[UI] mouse: x=243 y=141 button=0 pressed=0
[UI] mouse: x=246 y=141 button=0 pressed=0
[UI] mouse: x=247 y=141 button=0 pressed=0
[UI] mouse: x=248 y=141 button=0 pressed=0
[UI] mouse: x=248 y=140 button=0 pressed=0
[MAIN] MOUSE_BUTTON: btn=1 x=248 y=140 down=0
[UI] mouse: x=248 y=140 button=0 pressed=0
[UI] mouse: x=247 y=140 button=0 pressed=0
[UI] mouse: x=246 y=140 button=0 pressed=0
[UI] mouse: x=245 y=141 button=0 pressed=0
[UI] mouse: x=244 y=141 button=0 pressed=0
[UI] mouse: x=243 y=142 button=0 pressed=0
[UI] mouse: x=242 y=142 button=0 pressed=0
[UI] mouse: x=241 y=142 button=0 pressed=0
[UI] mouse: x=240 y=142 button=0 pressed=0
[UI] mouse: x=238 y=142 button=0 pressed=0
[UI] mouse: x=237 y=142 button=0 pressed=0
[UI] mouse: x=235 y=142 button=0 pressed=0
[UI] mouse: x=232 y=143 button=0 pressed=0
[UI] mouse: x=228 y=144 button=0 pressed=0
[UI] mouse: x=223 y=145 button=0 pressed=0
[UI] mouse: x=219 y=145 button=0 pressed=0
[UI] mouse: x=213 y=147 button=0 pressed=0
[UI] mouse: x=209 y=148 button=0 pressed=0
[UI] mouse: x=204 y=150 button=0 pressed=0
[UI] mouse: x=200 y=151 button=0 pressed=0
[UI] mouse: x=194 y=153 button=0 pressed=0
[UI] mouse: x=189 y=154 button=0 pressed=0
[UI] mouse: x=183 y=155 button=0 pressed=0
[UI] mouse: x=180 y=157 button=0 pressed=0
[UI] mouse: x=175 y=158 button=0 pressed=0
[UI] mouse: x=172 y=159 button=0 pressed=0
[UI] mouse: x=169 y=159 button=0 pressed=0
[UI] mouse: x=166 y=160 button=0 pressed=0
[UI] mouse: x=163 y=161 button=0 pressed=0
[UI] mouse: x=160 y=162 button=0 pressed=0
[UI] mouse: x=156 y=163 button=0 pressed=0
[UI] mouse: x=153 y=163 button=0 pressed=0
[UI] mouse: x=150 y=164 button=0 pressed=0
[UI] mouse: x=146 y=166 button=0 pressed=0
[UI] mouse: x=142 y=167 button=0 pressed=0
[UI] mouse: x=138 y=169 button=0 pressed=0
[UI] mouse: x=135 y=170 button=0 pressed=0
[UI] mouse: x=132 y=171 button=0 pressed=0
[UI] mouse: x=129 y=172 button=0 pressed=0
[UI] mouse: x=128 y=172 button=0 pressed=0
[UI] mouse: x=125 y=173 button=0 pressed=0
[UI] mouse: x=123 y=173 button=0 pressed=0
[UI] mouse: x=120 y=174 button=0 pressed=0
[UI] mouse: x=118 y=175 button=0 pressed=0
[UI] mouse: x=117 y=175 button=0 pressed=0
[UI] mouse: x=116 y=175 button=0 pressed=0
[UI] mouse: x=115 y=175 button=0 pressed=0
[UI] mouse: x=114 y=175 button=0 pressed=0
[UI] mouse: x=113 y=175 button=0 pressed=0
[UI] mouse: x=112 y=176 button=0 pressed=0
[UI] mouse: x=111 y=176 button=0 pressed=0
[UI] mouse: x=110 y=176 button=0 pressed=0
[UI] mouse: x=109 y=176 button=0 pressed=0
[UI] mouse: x=108 y=176 button=0 pressed=0
[UI] mouse: x=106 y=176 button=0 pressed=0
[UI] mouse: x=104 y=177 button=0 pressed=0
[MAIN] MOUSE_BUTTON: btn=1 x=104 y=177 down=1
[UI] mouse: x=104 y=177 button=0 pressed=1
[MAIN] MOUSE_BUTTON: btn=1 x=104 y=177 down=0
[UI] mouse: x=104 y=177 button=0 pressed=0
[MAIN] MOUSE_BUTTON: btn=1 x=104 y=177 down=1
[UI] mouse: x=104 y=177 button=0 pressed=1
[MAIN] MOUSE_BUTTON: btn=1 x=104 y=177 down=0
[UI] mouse: x=104 y=177 button=0 pressed=0
[UI] mouse: x=105 y=177 button=0 pressed=0
[UI] mouse: x=109 y=178 button=0 pressed=0
[UI] mouse: x=113 y=178 button=0 pressed=0
[UI] mouse: x=119 y=178 button=0 pressed=0
[UI] mouse: x=121 y=178 button=0 pressed=0
[UI] mouse: x=124 y=178 button=0 pressed=0
[UI] mouse: x=125 y=178 button=0 pressed=0
[UI] mouse: x=127 y=178 button=0 pressed=0
[UI] mouse: x=128 y=178 button=0 pressed=0
[UI] mouse: x=129 y=178 button=0 pressed=0
[UI] mouse: x=130 y=179 button=0 pressed=0
[UI] mouse: x=131 y=180 button=0 pressed=0
[UI] mouse: x=132 y=180 button=0 pressed=0
[UI] mouse: x=136 y=181 button=0 pressed=0
[UI] mouse: x=139 y=183 button=0 pressed=0
[UI] mouse: x=143 y=184 button=0 pressed=0
[UI] mouse: x=144 y=184 button=0 pressed=0
[UI] mouse: x=146 y=184 button=0 pressed=0
[UI] mouse: x=147 y=184 button=0 pressed=0
[UI] mouse: x=149 y=184 button=0 pressed=0
[UI] mouse: x=150 y=184 button=0 pressed=0
[UI] mouse: x=151 y=185 button=0 pressed=0
[UI] mouse: x=153 y=185 button=0 pressed=0
[UI] mouse: x=154 y=185 button=0 pressed=0
[UI] mouse: x=155 y=185 button=0 pressed=0
[UI] mouse: x=156 y=185 button=0 pressed=0
[UI] mouse: x=157 y=185 button=0 pressed=0
[UI] mouse: x=159 y=184 button=0 pressed=0
[UI] mouse: x=160 y=182 button=0 pressed=0
[UI] mouse: x=161 y=181 button=0 pressed=0
[UI] mouse: x=162 y=181 button=0 pressed=0
[UI] mouse: x=163 y=180 button=0 pressed=0
[UI] mouse: x=163 y=179 button=0 pressed=0
[UI] mouse: x=163 y=178 button=0 pressed=0
[UI] mouse: x=163 y=177 button=0 pressed=0
[UI] mouse: x=164 y=177 button=0 pressed=0
[UI] mouse: x=164 y=176 button=0 pressed=0
[MAIN] MOUSE_BUTTON: btn=1 x=164 y=176 down=1
[UI] mouse: x=164 y=176 button=0 pressed=1
[MAIN] MOUSE_BUTTON: btn=1 x=164 y=176 down=0
[UI] mouse: x=164 y=176 button=0 pressed=0
[MAIN] MOUSE_BUTTON: btn=1 x=164 y=176 down=1
[UI] mouse: x=164 y=176 button=0 pressed=1
[MAIN] MOUSE_BUTTON: btn=1 x=164 y=176 down=0
[UI] mouse: x=164 y=176 button=0 pressed=0
[MAIN] 'p' pressed, current paused=1, setting to=0
[PLATFORM] hide_cursor(1) called
[PLATFORM] hide_cursor done
[MAIN] cursor hide/grab called
[UI] mouse: x=163 y=177 button=0 pressed=0
[UI] mouse: x=156 y=185 button=0 pressed=0
[UI] mouse: x=402 y=250 button=0 pressed=0
[UI] mouse: x=402 y=250 button=0 pressed=0
[UI] mouse: x=394 y=260 button=0 pressed=0
[UI] mouse: x=389 y=268 button=0 pressed=0
[UI] mouse: x=402 y=250 button=0 pressed=0
[UI] mouse: x=402 y=250 button=0 pressed=0
[UI] mouse: x=398 y=257 button=0 pressed=0
[UI] mouse: x=398 y=263 button=0 pressed=0
[UI] mouse: x=402 y=250 button=0 pressed=0
[UI] mouse: x=402 y=250 button=0 pressed=0
[UI] mouse: x=402 y=254 button=0 pressed=0
[UI] mouse: x=405 y=260 button=0 pressed=0
[UI] mouse: x=402 y=250 button=0 pressed=0
[UI] mouse: x=402 y=250 button=0 pressed=0
[UI] mouse: x=407 y=256 button=0 pressed=0
[UI] mouse: x=411 y=262 button=0 pressed=0
[UI] mouse: x=402 y=250 button=0 pressed=0
[UI] mouse: x=402 y=250 button=0 pressed=0
[UI] mouse: x=409 y=256 button=0 pressed=0
[UI] mouse: x=415 y=260 button=0 pressed=0
[UI] mouse: x=402 y=250 button=0 pressed=0
[UI] mouse: x=402 y=250 button=0 pressed=0
[UI] mouse: x=407 y=254 button=0 pressed=0
[UI] mouse: x=412 y=257 button=0 pressed=0
[UI] mouse: x=402 y=250 button=0 pressed=0
[UI] mouse: x=402 y=250 button=0 pressed=0
[UI] mouse: x=408 y=254 button=0 pressed=0
[UI] mouse: x=413 y=257 button=0 pressed=0
[UI] mouse: x=402 y=250 button=0 pressed=0
[UI] mouse: x=402 y=250 button=0 pressed=0
[UI] mouse: x=409 y=255 button=0 pressed=0
[UI] mouse: x=417 y=259 button=0 pressed=0
[UI] mouse: x=402 y=250 button=0 pressed=0
[UI] mouse: x=402 y=250 button=0 pressed=0
[UI] mouse: x=408 y=255 button=0 pressed=0
[UI] mouse: x=414 y=259 button=0 pressed=0
[UI] mouse: x=402 y=250 button=0 pressed=0
[UI] mouse: x=402 y=250 button=0 pressed=0
[UI] mouse: x=409 y=253 button=0 pressed=0
[UI] mouse: x=415 y=257 button=0 pressed=0
[UI] mouse: x=402 y=250 button=0 pressed=0
[UI] mouse: x=402 y=250 button=0 pressed=0
[UI] mouse: x=408 y=254 button=0 pressed=0
[UI] mouse: x=414 y=259 button=0 pressed=0
[UI] mouse: x=423 y=263 button=0 pressed=0
[UI] mouse: x=402 y=250 button=0 pressed=0
[UI] mouse: x=402 y=250 button=0 pressed=0
[UI] mouse: x=402 y=250 button=0 pressed=0
[UI] mouse: x=410 y=254 button=0 pressed=0
[UI] mouse: x=417 y=257 button=0 pressed=0
[UI] mouse: x=402 y=250 button=0 pressed=0
[UI] mouse: x=402 y=250 button=0 pressed=0
[UI] mouse: x=409 y=252 button=0 pressed=0
[UI] mouse: x=417 y=254 button=0 pressed=0
[UI] mouse: x=402 y=250 button=0 pressed=0
[UI] mouse: x=402 y=250 button=0 pressed=0
[UI] mouse: x=409 y=250 button=0 pressed=0
[UI] mouse: x=417 y=250 button=0 pressed=0
[UI] mouse: x=402 y=250 button=0 pressed=0
[UI] mouse: x=402 y=250 button=0 pressed=0
[UI] mouse: x=406 y=250 button=0 pressed=0
[UI] mouse: x=409 y=248 button=0 pressed=0
[UI] mouse: x=402 y=250 button=0 pressed=0
[UI] mouse: x=402 y=250 button=0 pressed=0
[UI] mouse: x=404 y=249 button=0 pressed=0
[UI] mouse: x=404 y=248 button=0 pressed=0
[UI] mouse: x=402 y=250 button=0 pressed=0
[UI] mouse: x=402 y=250 button=0 pressed=0
[UI] mouse: x=404 y=250 button=0 pressed=0
[UI] mouse: x=407 y=247 button=0 pressed=0
[UI] mouse: x=402 y=250 button=0 pressed=0
[UI] mouse: x=402 y=250 button=0 pressed=0
[UI] mouse: x=403 y=247 button=0 pressed=0
[UI] mouse: x=404 y=244 button=0 pressed=0
[UI] mouse: x=402 y=250 button=0 pressed=0
[UI] mouse: x=402 y=250 button=0 pressed=0
[UI] mouse: x=402 y=249 button=0 pressed=0
[UI] mouse: x=402 y=247 button=0 pressed=0
[UI] mouse: x=402 y=250 button=0 pressed=0
[UI] mouse: x=402 y=250 button=0 pressed=0
[UI] mouse: x=403 y=250 button=0 pressed=0
[UI] mouse: x=402 y=250 button=0 pressed=0
[UI] mouse: x=403 y=250 button=0 pressed=0
[UI] mouse: x=403 y=251 button=0 pressed=0
[UI] mouse: x=402 y=250 button=0 pressed=0
[UI] mouse: x=402 y=250 button=0 pressed=0
[UI] mouse: x=403 y=250 button=0 pressed=0
[UI] mouse: x=402 y=250 button=0 pressed=0
[UI] mouse: x=402 y=251 button=0 pressed=0
[UI] mouse: x=402 y=250 button=0 pressed=0
[UI] mouse: x=402 y=251 button=0 pressed=0
[UI] mouse: x=401 y=255 button=0 pressed=0
[UI] mouse: x=402 y=250 button=0 pressed=0
[UI] mouse: x=402 y=250 button=0 pressed=0
[UI] mouse: x=401 y=256 button=0 pressed=0
[UI] mouse: x=400 y=264 button=0 pressed=0
[UI] mouse: x=402 y=250 button=0 pressed=0
[UI] mouse: x=402 y=250 button=0 pressed=0
[UI] mouse: x=402 y=258 button=0 pressed=0
[UI] mouse: x=402 y=267 button=0 pressed=0
[UI] mouse: x=402 y=250 button=0 pressed=0
[UI] mouse: x=402 y=250 button=0 pressed=0
[UI] mouse: x=404 y=260 button=0 pressed=0
[UI] mouse: x=408 y=272 button=0 pressed=0
[UI] mouse: x=402 y=250 button=0 pressed=0
[UI] mouse: x=402 y=250 button=0 pressed=0
[UI] mouse: x=409 y=263 button=0 pressed=0
[UI] mouse: x=416 y=274 button=0 pressed=0
[UI] mouse: x=402 y=250 button=0 pressed=0
[UI] mouse: x=402 y=250 button=0 pressed=0
[UI] mouse: x=411 y=262 button=0 pressed=0
[UI] mouse: x=419 y=275 button=0 pressed=0
[UI] mouse: x=402 y=250 button=0 pressed=0
[UI] mouse: x=402 y=250 button=0 pressed=0
[UI] mouse: x=410 y=263 button=0 pressed=0
[UI] mouse: x=416 y=274 button=0 pressed=0
[UI] mouse: x=402 y=250 button=0 pressed=0
[UI] mouse: x=402 y=250 button=0 pressed=0
[UI] mouse: x=408 y=261 button=0 pressed=0
[UI] mouse: x=414 y=270 button=0 pressed=0
[UI] mouse: x=402 y=250 button=0 pressed=0
[UI] mouse: x=402 y=250 button=0 pressed=0
[UI] mouse: x=406 y=257 button=0 pressed=0
[UI] mouse: x=410 y=264 button=0 pressed=0
[UI] mouse: x=402 y=250 button=0 pressed=0
[UI] mouse: x=404 y=257 button=0 pressed=0
[UI] mouse: x=402 y=250 button=0 pressed=0
[UI] mouse: x=403 y=254 button=0 pressed=0
[UI] mouse: x=404 y=256 button=0 pressed=0
[UI] mouse: x=402 y=250 button=0 pressed=0
[UI] mouse: x=402 y=250 button=0 pressed=0
[UI] mouse: x=402 y=250 button=0 pressed=0
[UI] mouse: x=401 y=252 button=0 pressed=0
[UI] mouse: x=397 y=256 button=0 pressed=0
[UI] mouse: x=402 y=250 button=0 pressed=0
[UI] mouse: x=402 y=250 button=0 pressed=0
[UI] mouse: x=397 y=256 button=0 pressed=0
[UI] mouse: x=393 y=261 button=0 pressed=0
[UI] mouse: x=402 y=250 button=0 pressed=0
[UI] mouse: x=402 y=250 button=0 pressed=0
[UI] mouse: x=399 y=254 button=0 pressed=0
[UI] mouse: x=397 y=259 button=0 pressed=0
[UI] mouse: x=402 y=250 button=0 pressed=0
[UI] mouse: x=402 y=250 button=0 pressed=0
[UI] mouse: x=400 y=254 button=0 pressed=0
[UI] mouse: x=399 y=257 button=0 pressed=0
[UI] mouse: x=402 y=250 button=0 pressed=0
[UI] mouse: x=402 y=250 button=0 pressed=0
[UI] mouse: x=402 y=252 button=0 pressed=0
[UI] mouse: x=402 y=253 button=0 pressed=0
[UI] mouse: x=402 y=250 button=0 pressed=0
[UI] mouse: x=402 y=250 button=0 pressed=0
[UI] mouse: x=402 y=252 button=0 pressed=0
[UI] mouse: x=402 y=253 button=0 pressed=0
[UI] mouse: x=402 y=250 button=0 pressed=0
[UI] mouse: x=402 y=250 button=0 pressed=0
[UI] mouse: x=402 y=251 button=0 pressed=0
[UI] mouse: x=401 y=252 button=0 pressed=0
[UI] mouse: x=402 y=250 button=0 pressed=0
[UI] mouse: x=402 y=250 button=0 pressed=0
[UI] mouse: x=402 y=251 button=0 pressed=0
[UI] mouse: x=402 y=250 button=0 pressed=0
[UI] mouse: x=402 y=251 button=0 pressed=0
[UI] mouse: x=401 y=252 button=0 pressed=0
[UI] mouse: x=402 y=250 button=0 pressed=0
[UI] mouse: x=402 y=250 button=0 pressed=0
[UI] mouse: x=402 y=251 button=0 pressed=0
[UI] mouse: x=402 y=250 button=0 pressed=0
[UI] mouse: x=402 y=245 button=0 pressed=0
[UI] mouse: x=402 y=250 button=0 pressed=0
[UI] mouse: x=402 y=245 button=0 pressed=0
[UI] mouse: x=400 y=238 button=0 pressed=0
[UI] mouse: x=402 y=250 button=0 pressed=0
[UI] mouse: x=402 y=250 button=0 pressed=0
[UI] mouse: x=400 y=243 button=0 pressed=0
[UI] mouse: x=399 y=238 button=0 pressed=0
[UI] mouse: x=402 y=250 button=0 pressed=0
[UI] mouse: x=402 y=250 button=0 pressed=0
[UI] mouse: x=398 y=246 button=0 pressed=0
[UI] mouse: x=393 y=240 button=0 pressed=0
[UI] mouse: x=402 y=250 button=0 pressed=0
[UI] mouse: x=402 y=250 button=0 pressed=0
[UI] mouse: x=395 y=246 button=0 pressed=0
[UI] mouse: x=388 y=241 button=0 pressed=0
[UI] mouse: x=402 y=250 button=0 pressed=0
[UI] mouse: x=402 y=250 button=0 pressed=0
[UI] mouse: x=394 y=245 button=0 pressed=0
[UI] mouse: x=385 y=240 button=0 pressed=0
[UI] mouse: x=402 y=250 button=0 pressed=0
[UI] mouse: x=402 y=250 button=0 pressed=0
[UI] mouse: x=397 y=247 button=0 pressed=0
[UI] mouse: x=392 y=245 button=0 pressed=0
[UI] mouse: x=402 y=250 button=0 pressed=0
[UI] mouse: x=402 y=250 button=0 pressed=0
[UI] mouse: x=400 y=249 button=0 pressed=0
[UI] mouse: x=402 y=250 button=0 pressed=0
[UI] mouse: x=401 y=250 button=0 pressed=0
[UI] mouse: x=402 y=250 button=0 pressed=0
[UI] mouse: x=401 y=250 button=0 pressed=0
[UI] mouse: x=398 y=251 button=0 pressed=0
[UI] mouse: x=402 y=250 button=0 pressed=0
[UI] mouse: x=402 y=250 button=0 pressed=0
[UI] mouse: x=402 y=251 button=0 pressed=0
[UI] mouse: x=402 y=250 button=0 pressed=0
[UI] mouse: x=401 y=250 button=0 pressed=0
[UI] mouse: x=402 y=250 button=0 pressed=0
[UI] mouse: x=399 y=248 button=0 pressed=0
[UI] mouse: x=396 y=245 button=0 pressed=0
[UI] mouse: x=402 y=250 button=0 pressed=0
[UI] mouse: x=402 y=250 button=0 pressed=0
[UI] mouse: x=396 y=246 button=0 pressed=0
[UI] mouse: x=391 y=239 button=0 pressed=0
[UI] mouse: x=402 y=250 button=0 pressed=0
[UI] mouse: x=402 y=250 button=0 pressed=0
[UI] mouse: x=395 y=242 button=0 pressed=0
[UI] mouse: x=389 y=234 button=0 pressed=0
[UI] mouse: x=402 y=250 button=0 pressed=0
[UI] mouse: x=402 y=250 button=0 pressed=0
[UI] mouse: x=398 y=244 button=0 pressed=0
[UI] mouse: x=393 y=238 button=0 pressed=0
[UI] mouse: x=402 y=250 button=0 pressed=0
[UI] mouse: x=402 y=250 button=0 pressed=0
[UI] mouse: x=401 y=247 button=0 pressed=0
[UI] mouse: x=401 y=246 button=0 pressed=0
[UI] mouse: x=402 y=250 button=0 pressed=0
[UI] mouse: x=402 y=250 button=0 pressed=0
[UI] mouse: x=402 y=249 button=0 pressed=0
[UI] mouse: x=402 y=250 button=0 pressed=0
[UI] mouse: x=399 y=249 button=0 pressed=0
[UI] mouse: x=402 y=250 button=0 pressed=0
[UI] mouse: x=398 y=248 button=0 pressed=0
[UI] mouse: x=391 y=248 button=0 pressed=0
[UI] mouse: x=402 y=250 button=0 pressed=0
[UI] mouse: x=402 y=250 button=0 pressed=0
[UI] mouse: x=394 y=250 button=0 pressed=0
[UI] mouse: x=388 y=250 button=0 pressed=0
[UI] mouse: x=382 y=250 button=0 pressed=0
[UI] mouse: x=402 y=250 button=0 pressed=0
[UI] mouse: x=402 y=250 button=0 pressed=0
[UI] mouse: x=397 y=250 button=0 pressed=0
[UI] mouse: x=393 y=250 button=0 pressed=0
[UI] mouse: x=402 y=250 button=0 pressed=0
[UI] mouse: x=402 y=250 button=0 pressed=0
[UI] mouse: x=402 y=250 button=0 pressed=0
[UI] mouse: x=400 y=250 button=0 pressed=0
[UI] mouse: x=399 y=250 button=0 pressed=0
[UI] mouse: x=402 y=250 button=0 pressed=0
[UI] mouse: x=402 y=250 button=0 pressed=0
[UI] mouse: x=405 y=252 button=0 pressed=0
[UI] mouse: x=406 y=253 button=0 pressed=0
[UI] mouse: x=402 y=250 button=0 pressed=0
[UI] mouse: x=402 y=250 button=0 pressed=0
[UI] mouse: x=404 y=251 button=0 pressed=0
[UI] mouse: x=405 y=251 button=0 pressed=0
[UI] mouse: x=402 y=250 button=0 pressed=0
[UI] mouse: x=402 y=250 button=0 pressed=0
[UI] mouse: x=403 y=250 button=0 pressed=0
[UI] mouse: x=402 y=250 button=0 pressed=0
[UI] mouse: x=402 y=249 button=0 pressed=0
[UI] mouse: x=402 y=250 button=0 pressed=0
[UI] mouse: x=402 y=244 button=0 pressed=0
[UI] mouse: x=400 y=240 button=0 pressed=0
[UI] mouse: x=402 y=250 button=0 pressed=0
[UI] mouse: x=402 y=250 button=0 pressed=0
[UI] mouse: x=399 y=245 button=0 pressed=0
[UI] mouse: x=396 y=243 button=0 pressed=0
[UI] mouse: x=402 y=250 button=0 pressed=0
[UI] mouse: x=402 y=250 button=0 pressed=0
[UI] mouse: x=397 y=247 button=0 pressed=0
[UI] mouse: x=393 y=244 button=0 pressed=0
[UI] mouse: x=402 y=250 button=0 pressed=0
[UI] mouse: x=402 y=250 button=0 pressed=0
[UI] mouse: x=397 y=248 button=0 pressed=0
[UI] mouse: x=394 y=248 button=0 pressed=0
[UI] mouse: x=402 y=250 button=0 pressed=0
[UI] mouse: x=402 y=250 button=0 pressed=0
[UI] mouse: x=397 y=250 button=0 pressed=0
[UI] mouse: x=395 y=250 button=0 pressed=0
[UI] mouse: x=394 y=250 button=0 pressed=0
[UI] mouse: x=402 y=250 button=0 pressed=0
[UI] mouse: x=402 y=250 button=0 pressed=0
[UI] mouse: x=402 y=250 button=0 pressed=0
[UI] mouse: x=401 y=251 button=0 pressed=0
[UI] mouse: x=402 y=250 button=0 pressed=0
[UI] mouse: x=402 y=251 button=0 pressed=0
[UI] mouse: x=402 y=250 button=0 pressed=0
[UI] mouse: x=404 y=251 button=0 pressed=0
[UI] mouse: x=404 y=252 button=0 pressed=0
[UI] mouse: x=402 y=250 button=0 pressed=0
[UI] mouse: x=402 y=250 button=0 pressed=0
[UI] mouse: x=403 y=250 button=0 pressed=0
[UI] mouse: x=402 y=250 button=0 pressed=0
[UI] mouse: x=405 y=251 button=0 pressed=0
[UI] mouse: x=402 y=250 button=0 pressed=0
[UI] mouse: x=406 y=252 button=0 pressed=0
[UI] mouse: x=410 y=252 button=0 pressed=0
[UI] mouse: x=402 y=250 button=0 pressed=0
[UI] mouse: x=402 y=250 button=0 pressed=0
[UI] mouse: x=407 y=250 button=0 pressed=0
[UI] mouse: x=411 y=250 button=0 pressed=0
[UI] mouse: x=402 y=250 button=0 pressed=0
[UI] mouse: x=402 y=250 button=0 pressed=0
[UI] mouse: x=405 y=250 button=0 pressed=0
[UI] mouse: x=406 y=250 button=0 pressed=0
[UI] mouse: x=402 y=250 button=0 pressed=0
[UI] mouse: x=402 y=250 button=0 pressed=0
